[info] using convert
[info] CPU only. providers: ['AzureExecutionProvider', 'CPUExecutionProvider']
[info] template from /home/admin/cap_ocr/frames/frame_1000.png
[info] template shape: (78, 148)
# Processing 2167 frames (1000..3166)
[25/2167] good=25 bad=0 rate=1.58f/s ETA=22.6min
[50/2167] good=50 bad=0 rate=1.62f/s ETA=21.8min
[75/2167] good=57 bad=18 rate=1.62f/s ETA=21.5min
[100/2167] good=72 bad=28 rate=1.62f/s ETA=21.3min
[125/2167] good=97 bad=28 rate=1.61f/s ETA=21.1min
[150/2167] good=122 bad=28 rate=1.61f/s ETA=20.8min
[175/2167] good=130 bad=45 rate=1.62f/s ETA=20.5min
[200/2167] good=153 bad=47 rate=1.62f/s ETA=20.2min
[225/2167] good=178 bad=47 rate=1.62f/s ETA=19.9min
[250/2167] good=203 bad=47 rate=1.63f/s ETA=19.6min
[275/2167] good=224 bad=51 rate=1.63f/s ETA=19.4min
[300/2167] good=244 bad=56 rate=1.63f/s ETA=19.1min
[325/2167] good=264 bad=61 rate=1.63f/s ETA=18.8min
[350/2167] good=289 bad=61 rate=1.63f/s ETA=18.6min
[375/2167] good=304 bad=71 rate=1.63f/s ETA=18.3min
[400/2167] good=319 bad=81 rate=1.63f/s ETA=18.0min
[425/2167] good=344 bad=81 rate=1.63f/s ETA=17.8min
[450/2167] good=369 bad=81 rate=1.63f/s ETA=17.5min
[475/2167] good=394 bad=81 rate=1.63f/s ETA=17.3min
[500/2167] good=419 bad=81 rate=1.63f/s ETA=17.0min
[525/2167] good=444 bad=81 rate=1.63f/s ETA=16.8min
[550/2167] good=469 bad=81 rate=1.63f/s ETA=16.5min
[575/2167] good=494 bad=81 rate=1.63f/s ETA=16.3min
[600/2167] good=519 bad=81 rate=1.63f/s ETA=16.0min
[625/2167] good=544 bad=81 rate=1.63f/s ETA=15.8min
[650/2167] good=569 bad=81 rate=1.63f/s ETA=15.5min
[675/2167] good=594 bad=81 rate=1.63f/s ETA=15.2min
[700/2167] good=619 bad=81 rate=1.63f/s ETA=15.0min
[725/2167] good=643 bad=82 rate=1.63f/s ETA=14.7min
[750/2167] good=668 bad=82 rate=1.63f/s ETA=14.4min
[775/2167] good=693 bad=82 rate=1.64f/s ETA=14.2min
[800/2167] good=718 bad=82 rate=1.64f/s ETA=13.9min
[825/2167] good=743 bad=82 rate=1.64f/s ETA=13.7min
[850/2167] good=768 bad=82 rate=1.64f/s ETA=13.4min
[875/2167] good=793 bad=82 rate=1.64f/s ETA=13.1min
[900/2167] good=818 bad=82 rate=1.64f/s ETA=12.9min
[925/2167] good=843 bad=82 rate=1.64f/s ETA=12.6min
[950/2167] good=868 bad=82 rate=1.64f/s ETA=12.3min
[975/2167] good=892 bad=83 rate=1.64f/s ETA=12.1min
[1000/2167] good=917 bad=83 rate=1.65f/s ETA=11.8min
[1025/2167] good=942 bad=83 rate=1.65f/s ETA=11.6min
[1050/2167] good=967 bad=83 rate=1.65f/s ETA=11.3min
[1075/2167] good=992 bad=83 rate=1.65f/s ETA=11.1min
[1100/2167] good=1017 bad=83 rate=1.65f/s ETA=10.8min
[1125/2167] good=1042 bad=83 rate=1.65f/s ETA=10.5min
[1150/2167] good=1067 bad=83 rate=1.65f/s ETA=10.3min
[1175/2167] good=1092 bad=83 rate=1.65f/s ETA=10.0min
[1200/2167] good=1117 bad=83 rate=1.65f/s ETA=9.8min
[1225/2167] good=1142 bad=83 rate=1.65f/s ETA=9.5min
[1250/2167] good=1167 bad=83 rate=1.65f/s ETA=9.3min
[1275/2167] good=1192 bad=83 rate=1.65f/s ETA=9.0min
[1300/2167] good=1217 bad=83 rate=1.65f/s ETA=8.8min
[1325/2167] good=1242 bad=83 rate=1.65f/s ETA=8.5min
[1350/2167] good=1267 bad=83 rate=1.65f/s ETA=8.3min
[1375/2167] good=1292 bad=83 rate=1.65f/s ETA=8.0min
[1400/2167] good=1317 bad=83 rate=1.65f/s ETA=7.7min
[1425/2167] good=1342 bad=83 rate=1.65f/s ETA=7.5min
[1450/2167] good=1367 bad=83 rate=1.65f/s ETA=7.2min
[1475/2167] good=1392 bad=83 rate=1.65f/s ETA=7.0min
[1500/2167] good=1417 bad=83 rate=1.65f/s ETA=6.7min
[1525/2167] good=1442 bad=83 rate=1.65f/s ETA=6.5min
[1550/2167] good=1467 bad=83 rate=1.65f/s ETA=6.2min
[1575/2167] good=1492 bad=83 rate=1.65f/s ETA=6.0min
[1600/2167] good=1517 bad=83 rate=1.65f/s ETA=5.7min
[1625/2167] good=1542 bad=83 rate=1.65f/s ETA=5.5min
[1650/2167] good=1567 bad=83 rate=1.65f/s ETA=5.2min
[1675/2167] good=1592 bad=83 rate=1.65f/s ETA=5.0min
[1700/2167] good=1617 bad=83 rate=1.65f/s ETA=4.7min
[1725/2167] good=1642 bad=83 rate=1.66f/s ETA=4.4min
[1750/2167] good=1667 bad=83 rate=1.66f/s ETA=4.2min
[1775/2167] good=1692 bad=83 rate=1.66f/s ETA=3.9min
[1800/2167] good=1717 bad=83 rate=1.66f/s ETA=3.7min
[1825/2167] good=1742 bad=83 rate=1.66f/s ETA=3.4min
[1850/2167] good=1767 bad=83 rate=1.66f/s ETA=3.2min
[1875/2167] good=1792 bad=83 rate=1.66f/s ETA=2.9min
[1900/2167] good=1817 bad=83 rate=1.66f/s ETA=2.7min
[1925/2167] good=1842 bad=83 rate=1.66f/s ETA=2.4min
[1950/2167] good=1867 bad=83 rate=1.66f/s ETA=2.2min
[1975/2167] good=1892 bad=83 rate=1.66f/s ETA=1.9min
[2000/2167] good=1917 bad=83 rate=1.66f/s ETA=1.7min
[2025/2167] good=1942 bad=83 rate=1.66f/s ETA=1.4min
[2050/2167] good=1967 bad=83 rate=1.66f/s ETA=1.2min
[2075/2167] good=1992 bad=83 rate=1.66f/s ETA=0.9min
[2100/2167] good=2017 bad=83 rate=1.66f/s ETA=0.7min
[2125/2167] good=2042 bad=83 rate=1.66f/s ETA=0.4min
[2150/2167] good=2067 bad=83 rate=1.66f/s ETA=0.2min
[2167/2167] good=2084 bad=83 rate=1.66f/s ETA=0.0min

# DONE: 2084 good, 83 bad, total 2167
